// Jest Snapshot v1, https://goo.gl/fbAQLP

exports[`It should render correctly 1`] = `
<View
  style={
    Object {
      "alignItems": "center",
      "display": "flex",
      "flexDirection": "row",
      "width": "100%",
    }
  }
>
  <Text
    style={
      Object {
        "color": "white",
        "fontSize": 20,
        "fontWeight": "200",
      }
    }
  >
    Bar
  </Text>
  <Switch
    onValueChange={[Function]}
    value={true}
  />
</View>
`;
